Starting direct model test...
python : 
At line:1 char:1
+ python direct_test.py > test_output.txt 2>&1 ; 
Type test_output.txt
+ ~~~~~~~~~~~~~~~~~~~~~~~~~~~~~~~~~~~~~~~~~~~~
    + CategoryInfo          : NotSpecified: (:Str 
   ing) [], RemoteException
    + FullyQualifiedErrorId : NativeCommandError
 
This will download GPT2 (first time only) and generate text

Step 1: Importing transformers library...
✓ Imported successfully

Step 2: Loading GPT2 model (this may take 1-2 minutes on first run)...
Loading weights:   0%|          | 0/148 [00:00<?, 
?it/s]
Loading weights:  28%|██▊       | 41/148 
[00:00<00:00, 275.86it/s]
Loading weights:  47%|████▋     | 69/148 
[00:00<00:01, 73.46it/s] 
Loading weights:  56%|█████▌    | 83/148 
[00:01<00:01, 61.37it/s]
Loading weights:  63%|██████▎   | 93/148 
[00:01<00:00, 59.05it/s]
Loading weights:  68%|██████▊   | 101/148 
[00:01<00:00, 53.17it/s]
Loading weights:  73%|███████▎  | 108/148 
[00:01<00:00, 52.08it/s]
Loading weights:  78%|███████▊  | 116/148 
[00:01<00:00, 53.99it/s]
Loading weights:  86%|████████▌ | 127/148 
[00:01<00:00, 58.38it/s]
Loading weights: 100%|██████████| 148/148 
[00:02<00:00, 71.13it/s]
Warning: You are sending unauthenticated requests 
to the HF Hub. Please set a HF_TOKEN to enable 
higher rate limits and faster downloads.
[transformers] Passing `generation_config` 
together with generation-related 
arguments=({'max_new_tokens', 'temperature', 
'do_sample'}) is deprecated and will be removed 
in future versions. Please pass either a 
`generation_config` object OR all generation 
parameters explicitly, but not both.
[transformers] Setting `pad_token_id` to 
`eos_token_id`:50256 for open-end generation.
[transformers] Both `max_new_tokens` (=50) and 
`max_length`(=50) seem to have been set. 
`max_new_tokens` will take precedence. Please 
refer to the documentation for more information. (
https://huggingface.co/docs/transformers/main/en/m
ain_classes/text_generation)
[transformers] Ignoring 
clean_up_tokenization_spaces=True for BPE 
tokenizer GPT2Tokenizer. The 
clean_up_tokenization post-processing step is 
designed for WordPiece tokenizers and is 
destructive for BPE (it strips spaces before 
punctuation). Set 
clean_up_tokenization_spaces=False to suppress 
this warning, or set clean_up_tokenization_spaces_
for_bpe_even_though_it_will_corrupt_output=True 
to force cleanup anyway.
✓ Model loaded

Step 3: Generating text from your prompt...
Prompt: Which is the largest country?

============================================================
✓✓✓ SUCCESS! ✓✓✓
============================================================

Generated Text:
Which is the largest country? Japan? Russia? Taiwan? The Philippines? The USA? Canada?

I'm not looking for some kind of a personal message, a message of respect, of understanding, of sympathy. It's just that I'm not talking about people who

============================================================

Now you can use this with the FastAPI backend!
Run: python main_local.py
Then visit: http://localhost:8000/docs
